[2026-06-11 00:20:35.259] INFO [Setup] 后台日志清理任务完成
[2026-06-11 00:20:35.259] INFO [Setup] 开始应用初始化...
[2026-06-11 00:20:35.260] INFO [Setup] 初始化窗口状态管理...
[2026-06-11 00:20:35.261] INFO [Setup] Initializing signal handlers...
[2026-06-11 00:20:35.261] INFO [ClashVergeRev] Version: 2.5.2+autobuild.0610.e1380b9
[2026-06-11 00:20:35.261] INFO [Setup] 初始化已启动
[2026-06-11 00:20:35.261] INFO [System] 应用就绪
[2026-06-11 00:20:35.338] INFO [Config] 生成运行时配置成功
[2026-06-11 00:20:35.399] INFO [Config] 开始验证配置
[2026-06-11 00:20:35.399] INFO [Validate] 生成临时配置文件用于验证
[2026-06-11 00:20:35.460] INFO [Validate] 开始验证配置文件: C:\Users\Admin\AppData\Roaming\io.github.clash-verge-rev.clash-verge-rev\clash-verge-check.yaml
[2026-06-11 00:20:35.461] INFO [Validate] 使用内核: verge-mihomo
[2026-06-11 00:20:35.461] INFO [Validate] 验证目录: C:\Users\Admin\AppData\Roaming\io.github.clash-verge-rev.clash-verge-rev
[2026-06-11 00:20:35.885] INFO [Validate] -------- 验证结果 --------
[2026-06-11 00:20:35.885] INFO [Validate] 验证成功
[2026-06-11 00:20:35.885] INFO [Validate] -------- 验证结束 --------
[2026-06-11 00:20:35.885] INFO [Config] 配置验证成功
[2026-06-11 00:20:35.887] INFO [Config] Profile 文件清理完成: 总文件数=26, 删除文件数=0, 失败数=0
[2026-06-11 00:20:35.887] INFO [Window] 开始创建主窗口, should_create=false
[2026-06-11 00:20:35.887] INFO [Tray] 正在从AppHandle创建系统托盘
[2026-06-11 00:20:35.893] INFO [Tray] System tray created successfully
[2026-06-11 00:20:35.893] INFO [Timer] Refreshing timer tasks map, count: 4
[2026-06-11 00:20:35.893] INFO [Timer] Timer initialization completed
[2026-06-11 00:20:35.893] INFO [Lightweight] 轻量模式已开启
[2026-06-11 00:20:35.893] WARN [Service] Some issue with service IPC Path: 所有的管道范例都在使用中。 (os error 231)
[2026-06-11 00:20:35.893] INFO [Setup] Initializing silent updater...
[2026-06-11 00:20:35.893] INFO [Setup] Silent updater initialized
[2026-06-11 00:20:35.893] INFO [System] Silent updater: background task started
[2026-06-11 00:20:35.893] INFO [Service] 服务就绪，直接启动
[2026-06-11 00:20:36.306] INFO [Core] Starting core in service mode
[2026-06-11 00:20:36.364] INFO [Service] 正在尝试通过服务启动核心
[2026-06-11 00:20:36.364] INFO [Service] 服务就绪，直接启动
[2026-06-11 00:20:36.579] INFO [Lightweight] 正在退出轻量模式
[2026-06-11 00:20:36.579] INFO [Window] 开始智能显示主窗口
[2026-06-11 00:20:36.579] INFO [Window] 窗口不存在，创建新窗口
[2026-06-11 00:20:36.579] INFO [Window] 开始创建主窗口, should_create=true
[2026-06-11 00:20:36.580] INFO [Window] 新窗口创建成功，等待前端渲染后显示
[2026-06-11 00:20:36.580] INFO [Window] 窗口创建成功
[2026-06-11 00:20:36.643] INFO [Lightweight] 轻量模式已关闭
[2026-06-11 00:20:36.995] INFO [Service] 服务已运行且版本匹配，直接使用
[2026-06-11 00:20:36.995] INFO [Service] 尝试使用现有服务启动核心
[2026-06-11 00:20:36.998] INFO [Service] 服务成功启动核心
[2026-06-11 00:20:37.011] INFO [Core] Refreshing system proxy guard...
[2026-06-11 00:20:37.011] INFO [Core] System proxy is disabled.
[2026-06-11 00:20:45.899] INFO [System] Silent updater: checking for updates...
[2026-06-11 00:20:46.765] INFO [System] Silent updater: no update available
[2026-06-11 00:20:53.873] INFO [Validate] 生成临时配置文件用于验证
[2026-06-11 00:20:53.938] INFO [Validate] 开始验证配置文件: C:\Users\Admin\AppData\Roaming\io.github.clash-verge-rev.clash-verge-rev\clash-verge-check.yaml
[2026-06-11 00:20:53.938] INFO [Validate] 使用内核: verge-mihomo
[2026-06-11 00:20:53.938] INFO [Validate] 验证目录: C:\Users\Admin\AppData\Roaming\io.github.clash-verge-rev.clash-verge-rev
[2026-06-11 00:20:54.356] INFO [Validate] -------- 验证结果 --------
[2026-06-11 00:20:54.356] INFO [Validate] 验证成功
[2026-06-11 00:20:54.356] INFO [Validate] -------- 验证结束 --------
[2026-06-11 00:20:54.716] INFO [Core] Configuration applied
[2026-06-11 00:20:56.474] INFO [Window] shutting down embedded server
[2026-06-11 00:20:56.474] INFO [Config] save all draft data
[2026-06-11 00:20:56.531] INFO [Config] save all draft data finished
[2026-06-11 00:20:56.531] INFO [System] 开始异步清理资源
[2026-06-11 00:20:56.531] INFO [System] 开始执行异步清理操作...
[2026-06-11 00:20:56.531] INFO [Window] 系统代理未启用，跳过重置
[2026-06-11 00:20:56.531] INFO [System] disable tun
[2026-06-11 00:20:56.531] INFO [System] send disable tun request to mihomo
[2026-06-11 00:20:56.574] INFO [Window] TUN模式已禁用
[2026-06-11 00:20:56.575] INFO [System] stop core
[2026-06-11 00:20:56.575] INFO [Core] Stopping service
[2026-06-11 00:20:56.575] INFO [Service] 通过服务停止核心 (IPC)
[2026-06-11 00:20:56.592] INFO [Service] 服务成功停止核心
[2026-06-11 00:20:56.592] INFO [Window] core已停止
[2026-06-11 00:20:56.592] INFO [System] 异步关闭操作完成 - 代理: true, 核心: true, DNS: true, 总体: true
[2026-06-11 00:20:56.592] INFO [System] 资源清理完成，退出代码: 0
[2026-06-11 00:20:56.593] INFO [System] Application exited
